{"separator":"("}
{"identifier":"write"}
{"separator":"("}
{"identifier":"<="}
{"identifier":0}
{"identifier":0}
{"separator":")"}
{"separator":"("}
{"identifier":"<="}
{"identifier":0}
{"identifier":1}
{"separator":")"}
{"separator":"("}
{"identifier":"<="}
{"identifier":0}
{"identifier":"-1"}
{"separator":")"}
{"separator":"("}
{"identifier":"<="}
{"identifier":1}
{"identifier":0}
{"separator":")"}
{"separator":"("}
{"identifier":"<="}
{"identifier":"-1"}
{"identifier":0}
{"separator":")"}
{"separator":"("}
{"identifier":"<="}
{"identifier":1}
{"identifier":1}
{"separator":")"}
{"separator":"("}
{"identifier":"<="}
{"identifier":"-1"}
{"identifier":"-1"}
{"separator":")"}
{"separator":")"}
