{"separator":"("}
{"identifier":"write"}
{"separator":"("}
{"identifier":"/"}
{"identifier":8}
{"identifier":4}
{"separator":")"}
{"separator":")"}
