{"separator":"("}
{"identifier":"write"}
{"separator":"("}
{"identifier":"-"}
{"identifier":2}
{"identifier":1}
{"separator":")"}
{"separator":")"}
