{"separator":"("}
{"identifier":"write"}
{"separator":"("}
{"identifier":"!="}
{"identifier":"false"}
{"identifier":"false"}
{"separator":")"}
{"separator":"("}
{"identifier":"!="}
{"identifier":"false"}
{"identifier":"true"}
{"separator":")"}
{"separator":"("}
{"identifier":"!="}
{"identifier":"true"}
{"identifier":"false"}
{"separator":")"}
{"separator":"("}
{"identifier":"!="}
{"identifier":"true"}
{"identifier":"true"}
{"separator":")"}
{"separator":")"}
