{"separator":"("}
{"identifier":"if"}
{"separator":"("}
{"identifier":"=="}
{"identifier":"5"}
{"identifier":"5"}
{"separator":")"}
{"separator":"("}
{"identifier":"write"}
{"identifier":"eq"}
{"separator":")"}
{"separator":")"}
