{"separator":"("}
{"identifier":"write"}
{"separator":"("}
{"identifier":">="}
{"identifier":""}
{"identifier":""}
{"separator":")"}
{"separator":"("}
{"identifier":">="}
{"identifier":"a"}
{"identifier":""}
{"separator":")"}
{"separator":"("}
{"identifier":">="}
{"identifier":""}
{"identifier":"a"}
{"separator":")"}
{"separator":"("}
{"identifier":">="}
{"identifier":"a"}
{"identifier":"a"}
{"separator":")"}
{"separator":"("}
{"identifier":">="}
{"identifier":"a"}
{"identifier":"b"}
{"separator":")"}
{"separator":"("}
{"identifier":">="}
{"identifier":"b"}
{"identifier":"a"}
{"separator":")"}
{"separator":"("}
{"identifier":">="}
{"identifier":"b"}
{"identifier":"b"}
{"separator":")"}
{"separator":")"}
