{"separator":"("}
{"identifier":"fun"}
{"identifier":"return_2"}
{"separator":"("}
{"separator":")"}
{"identifier":2}
{"separator":")"}
{"separator":"("}
{"identifier":"write"}
{"separator":"("}
{"identifier":"return_2"}
{"separator":")"}
{"separator":")"}
