{"separator":"("}
{"identifier":"write"}
{"separator":"("}
{"identifier":"/"}
{"identifier":16}
{"identifier":4}
{"identifier":2}
{"separator":")"}
{"separator":")"}
