{"separator":"("}
{"identifier":"write"}
{"separator":"("}
{"identifier":"*"}
{"identifier":3}
{"identifier":2}
{"identifier":1}
{"separator":")"}
{"separator":")"}
