{"separator":"("}
{"identifier":"fun"}
{"identifier":"return_param"}
{"separator":"("}
{"separator":"("}
{"identifier":"param"}
{"identifier":"p"}
{"identifier":"any"}
{"separator":")"}
{"separator":")"}
{"separator":"("}
{"identifier":"p"}
{"separator":")"}
{"separator":")"}
{"separator":"("}
{"identifier":"write"}
{"separator":"("}
{"identifier":"return_param"}
{"identifier":5}
{"separator":")"}
{"separator":")"}
