{"separator":"("}
{"identifier":"write"}
{"separator":"("}
{"identifier":"+"}
{"identifier":1}
{"identifier":2}
{"identifier":3}
{"identifier":4}
{"separator":")"}
{"separator":")"}
