{"separator":"("}
{"identifier":"write"}
{"separator":"("}
{"identifier":"+"}
{"separator":"("}
{"identifier":"*"}
{"identifier":2}
{"identifier":2}
{"separator":")"}
{"identifier":3}
{"separator":")"}
{"separator":")"}
