{"separator":"("}
{"identifier":"write"}
{"separator":"("}
{"identifier":"/"}
{"identifier":32}
{"identifier":2}
{"identifier":2}
{"identifier":2}
{"separator":")"}
{"separator":")"}
