[ "write", [ "<", "", "" ], [ "<", "a", "" ], [ "<", "", "a" ], [ "<", "a", "a" ], [ "<", "a", "b" ], [ "<", "b", "a" ], [ "<", "b", "b" ] ]
