{"separator":"("}
{"identifier":"write"}
{"separator":"("}
{"identifier":"and"}
{"identifier":0}
{"identifier":0}
{"separator":")"}
{"separator":"("}
{"identifier":"and"}
{"identifier":0}
{"identifier":1}
{"separator":")"}
{"separator":"("}
{"identifier":"and"}
{"identifier":1}
{"identifier":0}
{"separator":")"}
{"separator":"("}
{"identifier":"and"}
{"identifier":1}
{"identifier":1}
{"separator":")"}
{"separator":")"}
