{"separator":"("}
{"identifier":"write"}
{"identifier":"Hello, World!"}
{"separator":")"}
