{"separator":"("}
{"identifier":"set"}
{"identifier":"x"}
{"identifier":0}
{"separator":")"}
{"separator":"("}
{"identifier":"while"}
{"separator":"("}
{"identifier":"!="}
{"separator":"("}
{"identifier":"get"}
{"identifier":"x"}
{"separator":")"}
{"identifier":5}
{"separator":")"}
{"separator":"("}
{"identifier":"write"}
{"separator":"("}
{"identifier":"set"}
{"identifier":"x"}
{"separator":"("}
{"identifier":"+"}
{"separator":"("}
{"identifier":"get"}
{"identifier":"x"}
{"separator":")"}
{"identifier":1}
{"separator":")"}
{"separator":")"}
{"separator":")"}
{"separator":")"}
