{"separator":"("}
{"identifier":"write"}
{"separator":"("}
{"identifier":"read"}
{"separator":")"}
{"separator":")"}
