[ "set", "name", "Jake" ]
[ "write", [ "get", "name" ] ]
